16:31:03 **** Incremental Build of project module2_hw_wrapper ****
buildplatform.sh 34695 module2_hw_wrapper no_domain_build 
XSDB Server Channel: tcfchan#54
16:31:27 **** Incremental Build of configuration Debug for project module2 ****
make all 
make --no-print-directory pre-build
a9-linaro-pre-build-step
 
make --no-print-directory main-build
Building file: ../src/gic.c
Invoking: ARM v7 gcc compiler
arm-none-eabi-gcc -Wall -O0 -g3 -c -fmessage-length=0 -MT"src/gic.o" -mcpu=cortex-a9 -mfpu=vfpv3 -mfloat-abi=hard -I/thayerfs/home/f0062gt/workspace/module2/module2_hw_wrapper/export/module2_hw_wrapper/sw/module2_hw_wrapper/standalone_ps7_cortexa9_0/bspinclude/include -MMD -MP -MF"src/gic.d" -MT"src/gic.o" -o "src/gic.o" "../src/gic.c"
Finished building: ../src/gic.c
 
Building file: ../src/led.c
Invoking: ARM v7 gcc compiler
arm-none-eabi-gcc -Wall -O0 -g3 -c -fmessage-length=0 -MT"src/led.o" -mcpu=cortex-a9 -mfpu=vfpv3 -mfloat-abi=hard -I/thayerfs/home/f0062gt/workspace/module2/module2_hw_wrapper/export/module2_hw_wrapper/sw/module2_hw_wrapper/standalone_ps7_cortexa9_0/bspinclude/include -MMD -MP -MF"src/led.d" -MT"src/led.o" -o "src/led.o" "../src/led.c"
../src/led.c:5:9: warning: #pragma once in main file
    5 | #pragma once
      |         ^~~~
Finished building: ../src/led.c
 
Building file: ../src/platform.c
Invoking: ARM v7 gcc compiler
arm-none-eabi-gcc -Wall -O0 -g3 -c -fmessage-length=0 -MT"src/platform.o" -mcpu=cortex-a9 -mfpu=vfpv3 -mfloat-abi=hard -I/thayerfs/home/f0062gt/workspace/module2/module2_hw_wrapper/export/module2_hw_wrapper/sw/module2_hw_wrapper/standalone_ps7_cortexa9_0/bspinclude/include -MMD -MP -MF"src/platform.d" -MT"src/platform.o" -o "src/platform.o" "../src/platform.c"
Finished building: ../src/platform.c
 
Building file: ../src/step3-outline.c
Invoking: ARM v7 gcc compiler
arm-none-eabi-gcc -Wall -O0 -g3 -c -fmessage-length=0 -MT"src/step3-outline.o" -mcpu=cortex-a9 -mfpu=vfpv3 -mfloat-abi=hard -I/thayerfs/home/f0062gt/workspace/module2/module2_hw_wrapper/export/module2_hw_wrapper/sw/module2_hw_wrapper/standalone_ps7_cortexa9_0/bspinclude/include -MMD -MP -MF"src/step3-outline.d" -MT"src/step3-outline.o" -o "src/step3-outline.o" "../src/step3-outline.c"
Finished building: ../src/step3-outline.c
 
Building target: module2.elf
Invoking: ARM v7 gcc linker
arm-none-eabi-gcc -mcpu=cortex-a9 -mfpu=vfpv3 -mfloat-abi=hard -Wl,-build-id=none -specs=Xilinx.spec -Wl,-T -Wl,../src/lscript.ld -L/thayerfs/home/f0062gt/workspace/module2/module2_hw_wrapper/export/module2_hw_wrapper/sw/module2_hw_wrapper/standalone_ps7_cortexa9_0/bsplib/lib -o "module2.elf"  ./src/gic.o ./src/led.o ./src/platform.o ./src/step3-outline.o   -Wl,--start-group,-lxil,-lgcc,-lc,--end-group
Finished building target: module2.elf
 
Invoking: ARM v7 Print Size
arm-none-eabi-size module2.elf  |tee "module2.elf.size"
   text	   data	    bss	    dec	    hex	filename
  41618	   3016	  22760	  67394	  10742	module2.elf
Finished building: module2.elf.size
 
16:31:31 **** Incremental Build of configuration Debug for project module2_system ****
make all 
Generating bif file for the system project
Executing command '::scw::generate_bif -xpfm /thayerfs/home/f0062gt/workspace/module2/module2_hw_wrapper/export/module2_hw_wrapper/module2_hw_wrapper.xpfm -domains standalone_ps7_cortexa9_0 -bifpath /thayerfs/home/f0062gt/workspace/module2/module2_system/Debug/system.bif' on XSCT
sdcard_gen --xpfm /thayerfs/home/f0062gt/workspace/module2/module2_hw_wrapper/export/module2_hw_wrapper/module2_hw_wrapper.xpfm --sys_config module2_hw_wrapper --bif /thayerfs/home/f0062gt/workspace/module2/module2_system/Debug/system.bif --bitstream /thayerfs/home/f0062gt/workspace/module2/module2/_ide/bitstream/module2_hw_wrapper.bit --elf /thayerfs/home/f0062gt/workspace/module2/module2/Debug/module2.elf,ps7_cortexa9_0
creating BOOT.BIN using /thayerfs/home/f0062gt/workspace/module2/module2/_ide/bitstream/module2_hw_wrapper.bit
Running /thayerfs/apps/xilinx/Vitis/2021.2/bin/bootgen  -image /thayerfs/home/f0062gt/workspace/module2/module2_system/Debug/sd_card_temp/boot.bif -w -o i BOOT.BIN
